// Jest Snapshot v1, https://jestjs.io/docs/snapshot-testing

exports[`PageDisplay renders PageDisplay unchanged 1`] = `
<div>
  <main
    class="page"
  >
    <div
      data-testid="test-page-profile"
    >
      My Page Title
    </div>
    <div
      data-testid="test-page-component-factory"
    >
      Stack
    </div>
  </main>
</div>
`;
