// Jest Snapshot v1, https://jestjs.io/docs/snapshot-testing

exports[`Client Header renders navigation unchanged 1`] = `
<div>
  <ul
    data-testid="nav"
  >
    <li>
      <p>
        nav1
      </p>
    </li>
    <li>
      <p>
        nav2
      </p>
    </li>
    <li>
      <p>
        nav3
      </p>
    </li>
  </ul>
</div>
`;
