// Jest Snapshot v1, https://goo.gl/fbAQLP

exports[`MainHeader snaps renders MainHeader unchanged 1`] = `
<div>
  <header
    class="root"
  >
    <div
      class="container"
    >
      <h2>
        Navigation Header
      </h2>
    </div>
    <div
      class="divider"
    />
    <div
      class="container"
    >
      <h2>
        Client Header
      </h2>
    </div>
    <div
      class="divider"
    />
  </header>
</div>
`;
