// Jest Snapshot v1, https://jestjs.io/docs/snapshot-testing

exports[`Sub Headers Test Suite renders SubHeaders unchanged 1`] = `
<div>
  <div>
    <div>
      <ul>
        <li>
          <p>
            Home
          </p>
          <p>
            /
          </p>
        </li>
        <li>
          <p>
            About
          </p>
          <p>
            /about
          </p>
        </li>
      </ul>
    </div>
    <div>
      <ul>
        <li>
          <p>
            Home
          </p>
          <p>
            /
          </p>
        </li>
        <li>
          <p>
            About
          </p>
          <p>
            /about
          </p>
        </li>
      </ul>
    </div>
  </div>
</div>
`;
