// Jest Snapshot v1, https://goo.gl/fbAQLP

exports[`Page Grid Test Suite renders PageGrid unchanged 1`] = `
<div>
  <section
    class="root root-test-grid"
    data-testid="page-component"
  >
    <div
      data-testid="content-component"
    >
      <section
        data-testid="page-grid-item"
      >
        Component type:- GridItem
        Component props:- {}
      </section>
    </div>
  </section>
</div>
`;
