// Jest Snapshot v1, https://jestjs.io/docs/snapshot-testing

exports[`NavItemInput Snaps renders NavItemInput unchanged 1`] = `
<div>
  <div
    class="root"
  >
    <div
      class="inputs"
    >
      <div
        class="input"
      >
        <label
          for="header-0-label"
        >
          Label
        </label>
        <input
          id="header-0-label"
          name="header-0-label"
          required=""
          type="text"
          value="Test Label"
        />
      </div>
      <div
        class="input"
      >
        <label
          for="header-0-route"
        >
          Route
        </label>
        <select
          id="header-0-route"
          name="header-0-route"
        >
          <option
            value=""
          >
            Select a route
          </option>
          <option
            value="/home"
          >
            /home
          </option>
          <option
            value="/about"
          >
            /about
          </option>
        </select>
      </div>
    </div>
    <div
      class="controls"
    >
      <div
        aria-label="Move Up"
        aria-role="button"
        class="icon"
        data-testid="move-up"
      >
        <svg
          fill="currentColor"
          height="1em"
          stroke="currentColor"
          stroke-width="0"
          viewBox="0 0 448 512"
          width="1em"
          xmlns="http://www.w3.org/2000/svg"
        >
          <path
            d="M34.9 289.5l-22.2-22.2c-9.4-9.4-9.4-24.6 0-33.9L207 39c9.4-9.4 24.6-9.4 33.9 0l194.3 194.3c9.4 9.4 9.4 24.6 0 33.9L413 289.4c-9.5 9.5-25 9.3-34.3-.4L264 168.6V456c0 13.3-10.7 24-24 24h-32c-13.3 0-24-10.7-24-24V168.6L69.2 289.1c-9.3 9.8-24.8 10-34.3.4z"
          />
        </svg>
      </div>
      <div
        aria-label="Move Down"
        aria-role="button"
        class="icon"
        data-testid="move-down"
      >
        <svg
          fill="currentColor"
          height="1em"
          stroke="currentColor"
          stroke-width="0"
          viewBox="0 0 448 512"
          width="1em"
          xmlns="http://www.w3.org/2000/svg"
        >
          <path
            d="M413.1 222.5l22.2 22.2c9.4 9.4 9.4 24.6 0 33.9L241 473c-9.4 9.4-24.6 9.4-33.9 0L12.7 278.6c-9.4-9.4-9.4-24.6 0-33.9l22.2-22.2c9.5-9.5 25-9.3 34.3.4L184 343.4V56c0-13.3 10.7-24 24-24h32c13.3 0 24 10.7 24 24v287.4l114.8-120.5c9.3-9.8 24.8-10 34.3-.4z"
          />
        </svg>
      </div>
      <div
        aria-label="Delete"
        aria-role="button"
        class="icon"
        data-testid="delete"
      >
        <svg
          fill="currentColor"
          height="1em"
          stroke="currentColor"
          stroke-width="0"
          viewBox="0 0 24 24"
          width="1em"
          xmlns="http://www.w3.org/2000/svg"
        >
          <path
            d="M0 0h24v24H0z"
            fill="none"
          />
          <path
            d="M6 19c0 1.1.9 2 2 2h8c1.1 0 2-.9 2-2V7H6v12zM19 4h-3.5l-1-1h-5l-1 1H5v2h14V4z"
          />
        </svg>
      </div>
    </div>
  </div>
</div>
`;
