// Jest Snapshot v1, https://jestjs.io/docs/snapshot-testing

exports[`Page Stack Test Suite renders PageStack unchanged 1`] = `
<div>
  <ul
    class="root"
    data-testid="page-component"
  >
    <li
      class="
		item
	}"
      data-testid="content-component"
      style="--component-height: 100%;"
    >
      Component type:- ListItem
      <section>
        Component props:- {"variant":"default","componentTitle":"Sample Title","componentTitleLink":"/sample-link","showComponentTitle":true}
      </section>
    </li>
  </ul>
</div>
`;
